{
  "mode": "RESEARCH-PROXY",
  "routes_required": 34,
  "routes_pass": 34,
  "starting_equity": 100.0,
  "strategy_families_defined": 15,
  "evidence_class": "HISTORICAL_MARKET_PROXY_NOT_BROKER_CERTIFIED",
  "state": "FULL_34_ASSET_OPPORTUNITY_LOOP_EXECUTED",
  "candidate_campaigns": 312439,
  "assets_with_candidates": 34,
  "strategy_families_triggered_total": 12,
  "strategy_cells_total": 510,
  "strategy_cells_triggered": 374,
  "strategy_cells_data_gated": 0,
  "opening_candidates": 15279,
  "closing_candidates": 3658,
  "median_candidates_per_asset_day": 108.0,
  "max_candidates_per_asset_day": 171,
  "multi_candidate_asset_day_pct": 99.6791786974655,
  "max_selected_open_risk_pct": 0.9905482696301068,
  "dynamic_capital_recycles": 0,
  "train_end": "2026-07-04 19:18:00+00:00",
  "validation_end": "2026-07-25 09:34:00+00:00",
  "validation_baseline": {
    "state": "REPAIR_REQUIRED",
    "mean_week_pct": -2.911726992700439,
    "median_week_pct": -5.1399177754814005,
    "weeks": 4,
    "weeks_ge5": 0,
    "weeks_ge10": 0,
    "max_weekly_dd_pct": -7.690346911974933,
    "issues": [
      "MEAN_WEEK_BELOW_5",
      "INSUFFICIENT_5PCT_WEEK_DENSITY",
      "DRAWDOWN_ABOVE_5",
      "UNIVERSE_WIDE_LOW_CAPTURE"
    ]
  },
  "validation_repaired": {
    "state": "REPAIR_REQUIRED",
    "mean_week_pct": 13.503656055442198,
    "median_week_pct": 14.502267839712557,
    "weeks": 4,
    "weeks_ge5": 3,
    "weeks_ge10": 3,
    "max_weekly_dd_pct": -1.4707507426339306,
    "issues": [
      "UNIVERSE_WIDE_LOW_CAPTURE"
    ]
  },
  "untouched_test": {
    "state": "REPAIR_REQUIRED",
    "mean_week_pct": 9.813312340043801,
    "median_week_pct": 9.9533872348182,
    "weeks": 4,
    "weeks_ge5": 2,
    "weeks_ge10": 2,
    "max_weekly_dd_pct": -1.537984837476647,
    "issues": [
      "UNIVERSE_WIDE_LOW_CAPTURE"
    ]
  },
  "ending_equity": 144.47802875464308
}
