{
  "state": "R5_CAUSAL_ROLLING_ORIGIN_EXECUTED",
  "evidence_class": "HISTORICAL_MARKET_PROXY_NOT_BROKER_CERTIFIED",
  "routes": 34,
  "start_equity": 100.0,
  "end_equity": 254.4465598357797,
  "weeks": 11,
  "mean_week_pct": 9.004861168026705,
  "median_week_pct": 10.760554729262605,
  "weeks_ge5": 8,
  "weeks_ge10": 6,
  "max_weekly_dd_pct": -7.083721208160998,
  "max_selected_open_risk_pct": 0.9988110261242715,
  "tierA_promoted": 2501,
  "tierB_promoted": 122,
  "assets_with_selected": 33,
  "fresh_holdout_start": "2026-08-13 00:00:00+00:00",
  "fresh_holdout_end": "2026-08-14 23:50:00+00:00",
  "fresh_events": 46,
  "fresh_start_equity": 100.0,
  "fresh_end_equity": 107.82699633571384,
  "fresh_return_pct": 7.826996335713843,
  "fresh_max_dd_pct": -0.9205380450303946
}
