{
  "state": "R5_CAUSAL_ROLLING_ORIGIN_EXECUTED",
  "evidence_class": "HISTORICAL_MARKET_PROXY_NOT_BROKER_CERTIFIED",
  "routes": 34,
  "start_equity": 100.0,
  "end_equity": 228.6647147248994,
  "weeks": 11,
  "mean_week_pct": 7.9451507134655515,
  "median_week_pct": 7.342599841594355,
  "weeks_ge5": 7,
  "weeks_ge10": 5,
  "max_weekly_dd_pct": -7.083721208160998,
  "max_selected_open_risk_pct": 0.9996491652356185,
  "tierA_promoted": 2500,
  "tierB_promoted": 122,
  "assets_with_selected": 33,
  "fresh_holdout_start": "2026-08-13 00:00:00+00:00",
  "fresh_holdout_end": "2026-08-14 23:50:00+00:00",
  "fresh_events": 48,
  "fresh_start_equity": 100.0,
  "fresh_end_equity": 108.68157018214214,
  "fresh_return_pct": 8.681570182142128,
  "fresh_max_dd_pct": -0.5159351979028948
}
